chupathingyce: settings: /tmp/chupathingy-play/saves/config.toml
chupathingyce: save root: /tmp/chupathingy-play/saves
chupathingyce: Delta: legacy table 4 from the cache: announcing 24, joining 11 to 24; following OpenCE build-154
chupathingyce: data root: /Users/noahlopez/Library/Application Support/ChupathingyCE (the game's log: debug.txt there)
chupathingyce: ChupathingyCE 0.7.1d-dev (dev, debug config, commit 0e982660, built 2026-10-09) macOS arm64
chupathingyce: OpenCE network version 24 (joins 11-24); Delta 1, wire chupa-24a, legacy table: serial 4; protocol auto
chupathingyce: Following OpenCE build-154 (table 4)
chupathingyce: features: infection off, bots on
chupathingyce: anti-aliasing: off
chupathingyce: screen: 640x480 drawn at 1280x960
chupathingyce: OpenGL 4.1 Metal - 90.5 on Apple M2 Pro
chupathingyce: cannot map the visibility test results; tests read their queries
chupathingyce: shader cache: 105 shaders and 93 programs made ready in 265 ms (/tmp/chupathingy-play/saves/shader_cache.bin)
chupathingyce: trace: recording frame summaries to /tmp/chupathingy-play/bloodgulch/bloodgulch-3bot.json
chupathingyce: high-res hud: 69 of 104 bitmaps in this map (35 not in it)
chupathingyce: network test: host:bloodgulch:slayer
chupathingyce: high-res text: ui\small_ui drawn with Overpass-750.ttf
chupathingyce: screen: 738x480 drawn at 2560x1662
chupathingyce: network test: hosting bloodgulch
chupathingyce: Delta Peer: hosting with Delta on port 5160
chupathingyce: Delta Peer: every machine of the game shares capabilities 0x13
chupathingyce: high-res text: ui\large_ui drawn with Overpass-900.ttf
chupathingyce: network test: game 1, slayer
chupathingyce: network test: starting the game
chupathingyce: high-res hud: 70 of 104 bitmaps in this map (34 not in it)
chupathingyce: shadow maps: 128x128
chupathingyce: network test: player 0 is named Player
chupathingyce: network test: tick 30 player 0: (97.652 -169.620 0.258) h1.00/1.00 g0/0 w a99/0 f99 l99/0 as140/120 st0 thr0.00 501:0 s0 k0 d0 f0 t0 m0 | items 35 (+41 -0 !0 x0) | playing to 15 | sent 5 received 3 corrected 0 | hits 0 dealt 0 rejected 0 replayed 0 | local 0 camera (97.7 -169.6 0.9) respawn 0
chupathingyce: bots: Bot 1 joined (spartan)
chupathingyce: bots: bot 1 inventory slot 0 now weapon 501
chupathingyce: bots: bot 1 seeking vehicle -496041984
chupathingyce: network test: player 1 is named Bot 1
chupathingyce: network test: tick 60 player 0: (97.652 -169.620 0.258) h1.00/1.00 g0/0 w a99/0 f99 l99/0 as140/120 st0 thr0.00 501:0 s0 k0 d0 f0 t0 m0 player 1: (29.332 -83.037 0.205) h1.00/1.00 g0/0 w a-88/0 f-88 l-88/0 as139/120 st4 thr1.00 501:0 s0 k0 d0 f0 t1 m127 | items 35 (+43 -0 !0 x0) | playing to 15 | sent 10 received 5 corrected 0 | hits 0 dealt 0 rejected 0 replayed 0 | local 0 camera (97.7 -169.6 0.9) respawn 0
chupathingyce: bots: Bot 2 joined (spartan)
chupathingyce: bots: bot 2 inventory slot 0 now weapon 501
chupathingyce: network test: player 2 is named Bot 2
chupathingyce: network test: tick 90 player 0: (97.652 -169.620 0.258) h1.00/1.00 g0/0 w a99/0 f99 l99/0 as140/120 st0 thr0.00 501:0 s0 k0 d0 f0 t0 m0 player 1: (29.408 -85.285 0.166) h1.00/1.00 g0/0 w a-88/0 f-88 l-88/0 as139/120 st4 thr1.00 501:0 s0 k0 d0 f0 t1 m127 player 2: (85.905 -158.321 0.317) h1.00/1.00 g0/0 w a-45/-0 f-44 l-45/-0 as140/120 st20 thr1.00 501:0 s0 k0 d0 f0 t2 m127 | items 35 (+45 -0 !0 x0) | playing to 15 | sent 14 received 7 corrected 0 | hits 0 dealt 0 rejected 0 replayed 0 | local 0 camera (97.7 -169.6 0.9) respawn 0
chupathingyce: bots: Bot 3 joined (spartan)
chupathingyce: bots: bot 3 inventory slot 0 now weapon 501
chupathingyce: bots: bot 3 seeking vehicle -495910910
chupathingyce: network test: player 3 is named Bot 3
chupathingyce: network test: tick 120 player 0: (97.652 -169.620 0.258) h1.00/1.00 g0/0 w a99/0 f99 l99/0 as140/120 st0 thr0.00 501:0 s0 k0 d0 f0 t0 m0 player 1: (29.485 -87.533 0.126) h1.00/1.00 g0/0 w a-88/0 f-88 l-88/0 as139/120 st4 thr1.00 501:0 s0 k0 d0 f0 t1 m127 player 2: (86.788 -159.675 0.224) h1.00/1.00 g0/0 w a-42/-1 f-44 l-42/-1 as140/120 st20 thr1.00 501:0 s0 k0 d0 f0 t2 m127 player 3: (105.221 -156.435 0.203) h1.00/1.00 g0/0 w a107/0 f107 l107/0 as139/120 st4 thr1.00 501:0 s0 k0 d0 f0 t3 m127 | items 35 (+47 -0 !0 x0) | playing to 15 | sent 19 received 9 corrected 0 | hits 0 dealt 0 rejected 0 replayed 0 | local 0 camera (97.7 -169.6 0.9) respawn 0
chupathingyce: network test: tick 150 player 0: (97.652 -169.620 0.258) h1.00/0.87 g0/0 w a99/0 f99 l99/0 as140/120 st0 thr0.00 501:0 s0 k0 d0 f0 t0 m0 player 1: (29.531 -88.895 0.105) h1.00/1.00 g0/0 w a-88/0 f-88 l-88/0 as139/120 st4 thr0.35 501:0 s0 k0 d0 f0 t1 m127 player 2: (88.177 -160.890 0.121) h1.00/1.00 g0/0 w a-42/-0 f-42 l-42/-0 as139/120 st4 thr1.00 501:0 s0 k0 d0 f0 t2 m127 player 3: (104.576 -154.282 0.108) h1.00/1.00 g0/0 w a107/0 f107 l107/0 as139/120 st4 thr1.00 501:0 s0 k0 d0 f0 t3 m127 | items 35 (+47 -0 !0 x0) | playing to 15 | sent 23 received 9 corrected 0 | hits 0 dealt 0 rejected 0 replayed 0 | local 0 camera (97.7 -169.6 0.9) respawn 0
chupathingyce: bots: bot 1 entered vehicle -496041984 seat 0
chupathingyce: bots: navigation graph of 70 nodes and 438 links
chupathingyce: network test: tick 180 player 0: (97.652 -169.620 0.258) h1.00/0.74 g0/0 w a99/0 f99 l99/0 as140/120 st0 thr0.00 501:0 s0 k0 d0 f0 t0 m0 player 1: (29.312 -90.658 0.621) h1.00/1.00 riding g0/0 w a-52/0 f0 l-52/0 as139/120 st26 thr0.50 501:0 s0 k0 d0 f0 t1 m127 player 2: (90.280 -161.417 0.138) h1.00/1.00 g0/0 w a-47/-1 f-47 l-47/-1 as139/120 st4 thr1.00 501:0 s0 k0 d0 f0 t2 m127 player 3: (103.930 -152.127 0.071) h1.00/1.00 g0/0 w a107/0 f107 l107/0 as139/120 st4 thr1.00 501:0 s0 k0 d0 f0 t3 m127 | items 35 (+47 -0 !0 x0) | playing to 15 | sent 28 received 9 corrected 0 | hits 0 dealt 0 rejected 0 replayed 0 | local 0 camera (97.7 -169.6 0.9) respawn 0
chupathingyce: network test: tick 210 player 0: (97.652 -169.620 0.258) h1.00/0.58 g0/0 w a99/0 f99 l99/0 as140/120 st0 thr0.00 501:0 s0 k0 d0 f0 t0 m0 player 1: (30.211 -91.407 0.699) h1.00/1.00 riding g0/0 w a-52/0 f0 l-52/0 as139/120 st26 thr0.50 501:0 s0 k0 d0 f0 t1 m127 player 2: (90.289 -163.199 0.136) h1.00/1.00 g0/0 w a-41/0 f-41 l-41/0 as139/120 st6 thr1.00 501:0 s0 k0 d0 f0 t2 m127 player 3: (103.285 -149.972 0.035) h1.00/1.00 g0/0 w a107/0 f107 l107/0 as139/120 st4 thr1.00 501:0 s0 k0 d0 f0 t3 m127 | items 35 (+47 -0 !0 x0) | playing to 15 | sent 30 received 9 corrected 0 | hits 0 dealt 0 rejected 0 replayed 0 | local 0 camera (97.7 -169.6 0.9) respawn 0
chupathingyce: network test: tick 240 player 0: (97.187 -169.258 0.253) h1.00/0.46 g0/0 w a138/-6 f138 l138/-6 as139/120 st4 thr1.00 501:0 s0 k0 d0 f0 t0 m0 player 1: (32.331 -93.706 0.955) h1.00/1.00 riding g0/0 w a-52/0 f0 l-52/0 as28/120 st0 thr0.50 501:0 s0 k0 d0 f0 t1 m127 player 2: (90.826 -162.620 0.141) h1.00/1.00 g0/0 w a-47/0 f-47 l-47/0 as139/120 st6 thr1.00 501:0 s0 k0 d0 f0 t2 m127 player 3: (102.641 -147.826 0.206) h1.00/1.00 g0/0 w a107/0 f107 l107/0 as139/120 st4 thr1.00 501:0 s0 k0 d0 f0 t3 m127 | items 35 (+47 -0 !0 x0) | playing to 15 | sent 37 received 9 corrected 0 | hits 0 dealt 0 rejected 0 replayed 0 | local 0 camera (97.2 -169.3 0.9) respawn 0
chupathingyce: network test: tick 270 player 0: (95.245 -168.854 0.874) h1.00/0.32 g0/0 w a129/-4 f133 l129/-4 as140/120 st20 thr1.00 501:0 s0 k0 d0 f0 t0 m0 player 1: (35.762 -97.285 0.894) h1.00/1.00 riding g0/0 w a-53/0 f0 l-53/0 as28/120 st0 thr0.50 501:0 s0 k0 d0 f0 t1 m127 player 2: (90.895 -162.690 0.141) h1.00/1.00 g0/0 w a-53/5 f-53 l-53/5 as139/120 st6 thr1.00 501:0 s0 k0 d0 f0 t2 m127 player 3: (102.197 -146.341 0.360) h1.00/1.00 g0/0 w a107/0 f107 l107/0 as139/120 st4 thr0.35 501:0 s0 k0 d0 f0 t3 m127 | items 35 (+47 -0 !0 x0) | playing to 15 | sent 41 received 9 corrected 0 | hits 0 dealt 0 rejected 0 replayed 0 | local 0 camera (95.2 -168.9 1.5) respawn 0
chupathingyce: network test: tick 300 player 0: (93.304 -168.510 0.408) h1.00/0.32 g0/0 w a128/-5 f125 l128/-5 as140/120 st20 thr1.00 501:0 s0 k0 d0 f0 t0 m0 player 1: (39.594 -101.270 0.412) h1.00/1.00 riding g0/0 w a-53/0 f0 l-53/0 as28/120 st0 thr0.50 501:0 s0 k0 d0 f0 t1 m127 player 2: (89.447 -163.779 0.699) h1.00/1.00 g0/0 w a-52/-2 f-54 l-52/-2 as140/120 st20 thr1.00 501:0 s0 k0 d0 f0 t2 m127 player 3: (101.905 -145.723 0.412) h1.00/1.00 g0/0 w a99/0 f99 l99/0 as139/120 st4 thr0.35 501:0 s0 k0 d0 f0 t3 m127 | items 35 (+47 -0 !0 x0) | playing to 15 | sent 43 received 9 corrected 0 | hits 0 dealt 0 rejected 0 replayed 0 | local 0 camera (93.3 -168.5 1.0) respawn 0
chupathingyce: bots: bot 1 at (39.7 -101.1 0.5) yaw -53 vehicle, target -1, shield 1.00, kills 0 deaths 0
chupathingyce: bots: bot 3 entered vehicle -495910910 seat 0
chupathingyce: bots: bot 2 at (89.1 -164.1 0.8) yaw -50 fight, target 0 (seen), shield 1.00, kills 0 deaths 0
chupathingyce: bots: bot 3 at (102.2 -144.9 1.0) yaw -139 vehicle, target -1, shield 1.00, kills 0 deaths 0
chupathingyce: network test: tick 330 player 0: (91.634 -169.350 0.615) h1.00/0.32 g0/0 w a132/-8 f132 l132/-8 as140/120 st20 thr1.00 501:0 s0 k0 d0 f0 t0 m0 player 1: (43.137 -105.857 1.187) h1.00/1.00 riding g0/0 w a-53/0 f0 l-53/0 as28/120 st0 thr0.50 501:0 s0 k0 d0 f0 t1 m127 player 2: (87.931 -165.084 0.131) h1.00/1.00 g0/0 w a-49/3 f-49 l-49/3 as139/120 st7 thr1.00 501:0 s0 k0 d0 f0 t2 m127 player 3: (102.109 -144.666 0.939) h1.00/1.00 riding g0/0 w a-139/0 f-0 l-139/0 as139/120 st26 thr0.50 501:0 s0 k0 d0 f0 t3 m127 | items 35 (+47 -0 !0 x0) | playing to 15 | sent 44 received 9 corrected 0 | hits 0 dealt 0 rejected 0 replayed 0 | local 0 camera (91.6 -169.3 1.2) respawn 0
chupathingyce: network test: tick 360 player 0: (89.924 -170.121 0.120) h1.00/0.32 g0/0 w a132/-8 f132 l132/-8 as140/120 st21 thr1.00 501:0 s0 k0 d0 f0 t0 m0 player 1: (46.735 -109.910 1.317) h1.00/1.00 riding g0/0 w a-54/0 f0 l-54/0 as28/120 st0 thr0.50 501:0 s0 k0 d0 f0 t1 m127 player 2: (86.723 -166.157 0.122) h1.00/1.00 g0/0 w a-49/-1 f-49 l-49/-1 as139/120 st6 thr1.00 501:0 s0 k0 d0 f0 t2 m127 player 3: (100.770 -144.077 0.941) h1.00/1.00 riding g0/0 w a-136/0 f-0 l-136/0 as28/120 st0 thr0.50 501:0 s0 k0 d0 f0 t3 m127 | items 35 (+47 -0 !0 x0) | playing to 15 | sent 46 received 9 corrected 0 | hits 0 dealt 0 rejected 0 replayed 0 | local 0 camera (89.9 -170.1 0.7) respawn 0
chupathingyce: network test: tick 390 player 0: (88.533 -171.099 0.695) h1.00/0.32 g0/0 w a82/-7 f130 l82/-7 as140/120 st20 thr1.00 501:0 s0 k0 d0 f0 t0 m0 player 1: (50.590 -113.899 0.787) h1.00/1.00 riding g0/0 w a-54/0 f0 l-54/0 as28/120 st0 thr0.50 501:0 s0 k0 d0 f0 t1 m127 player 2: (87.784 -165.579 0.125) h1.00/1.00 g0/0 w a-81/5 f-81 l-81/5 as139/120 st7 thr1.00 501:0 s0 k0 d0 f0 t2 m127 player 3: (97.703 -145.438 0.400) h1.00/1.00 riding g0/0 w a-132/0 f-0 l-132/0 as28/120 st0 thr0.50 501:0 s0 k0 d0 f0 t3 m127 | items 35 (+47 -0 !0 x0) | playing to 15 | sent 47 received 9 corrected 0 | hits 0 dealt 0 rejected 0 replayed 0 | local 0 camera (88.5 -171.1 1.3) respawn 0
chupathingyce: network test: tick 420 player 0: (87.765 -170.260 0.115) h1.00/0.19 g0/0 w a104/-6 f104 l104/-6 as139/120 st4 thr1.00 501:0 s0 k0 d0 f0 t0 m0 player 1: (52.678 -117.532 1.428) h1.00/1.00 riding g0/0 w a-54/0 f0 l-54/0 as28/120 st0 thr0.50 501:0 s0 k0 d0 f0 t1 m127 player 2: (85.848 -166.033 0.119) h1.00/1.00 g0/0 w a-67/-2 f-67 l-67/-2 as139/120 st7 thr1.00 501:0 s0 k0 d0 f0 t2 m127 player 3: (93.866 -149.522 0.435) h1.00/1.00 riding g0/0 w a-116/-0 f-0 l-116/-0 as28/120 st0 thr0.50 501:0 s0 k0 d0 f0 t3 m127 | items 35 (+47 -0 !0 x0) | playing to 15 | sent 52 received 9 corrected 0 | hits 0 dealt 0 rejected 0 replayed 0 | local 0 camera (87.8 -170.3 0.7) respawn 0
chupathingyce: network test: tick 450 player 0: (86.922 -169.308 0.109) h0.94/0.00 g0/0 w a130/-3 f130 l130/-3 as139/120 st4 thr1.00 501:0 s0 k0 d0 f0 t0 m0 player 1: (54.977 -121.663 1.131) h1.00/1.00 riding g0/0 w a-53/0 f0 l-53/0 as28/120 st0 thr0.50 501:0 s0 k0 d0 f0 t1 m127 player 2: (84.266 -167.223 0.100) h1.00/1.00 g0/0 w a-41/-2 f-41 l-41/-2 as139/120 st7 thr1.00 501:0 s0 k0 d0 f0 t2 m127 player 3: (90.575 -154.348 0.529) h1.00/1.00 riding g0/0 w a-116/-0 f-0 l-116/-0 as28/120 st0 thr0.50 501:0 s0 k0 d0 f0 t3 m127 | items 35 (+47 -0 !0 x0) | playing to 15 | sent 56 received 9 corrected 0 | hits 0 dealt 0 rejected 0 replayed 0 | local 0 camera (86.9 -169.3 0.7) respawn 0
chupathingyce: network test: tick 480 player 0: (85.223 -169.700 0.708) h0.94/0.00 g0/0 w a160/-2 f160 l160/-2 as140/120 st20 thr1.00 501:0 s0 k0 d0 f0 t0 m0 player 1: (57.929 -126.058 0.810) h1.00/1.00 riding g0/0 w a-53/0 f0 l-53/0 as28/120 st0 thr0.50 501:0 s0 k0 d0 f0 t1 m127 player 2: (83.137 -168.515 0.641) h1.00/1.00 g0/0 w a-29/-3 f-34 l-29/-3 as140/120 st20 thr1.00 501:0 s0 k0 d0 f0 t2 m127 player 3: (87.967 -159.735 0.468) h1.00/1.00 riding g0/0 w a-118/4 f-0 l-118/4 as28/120 st0 thr0.50 501:0 s0 k0 d0 f0 t3 m127 | items 35 (+47 -0 !0 x0) | playing to 15 | sent 58 received 9 corrected 0 | hits 0 dealt 0 rejected 0 replayed 0 | local 0 camera (85.2 -169.7 1.3) respawn 0
chupathingyce: network test: tick 510 player 0: (83.277 -169.767 0.121) h0.80/0.00 g0/0 w a139/-10 f139 l139/-10 as139/120 st4 thr1.00 501:0 s0 k0 d0 f0 t0 m0 player 1: (61.458 -130.852 1.449) h1.00/1.00 riding g0/0 w a-53/0 f0 l-53/0 as28/120 st0 thr0.50 501:0 s0 k0 d0 f0 t1 m127 player 2: (81.813 -168.089 0.134) h1.00/0.84 g0/0 w a-49/-5 f-49 l-49/-5 as139/120 st5 thr1.00 501:0 s0 k0 d0 f0 t2 m127 player 3: (84.940 -165.302 0.460) h1.00/1.00 riding g0/0 w a-134/2 f-0 l-134/2 as28/120 st0 thr0.00 501:0 s0 k0 d0 f0 t3 m127 | items 35 (+47 -0 !0 x0) | playing to 15 | sent 65 received 9 corrected 0 | hits 0 dealt 0 rejected 0 replayed 0 | local 0 camera (83.3 -169.8 0.7) respawn 0
chupathingyce: network test: tick 540 player 0: (81.610 -168.718 0.537) h0.68/0.00 g0/0 w a126/-6 f128 l126/-6 as140/120 st20 thr1.00 501:0 s0 k0 d0 f0 t0 m0 player 1: (64.769 -135.478 2.557) h1.00/1.00 riding g0/0 w a-53/0 f0 l-53/0 as28/120 st0 thr0.50 501:0 s0 k0 d0 f0 t1 m127 player 2: (80.722 -166.740 0.169) h1.00/0.58 g0/0 w a-65/4 f-65 l-65/4 as139/120 st5 thr1.00 501:0 s0 k0 d0 f0 t2 m127 player 3: (83.773 -167.641 0.448) h1.00/1.00 riding g0/0 w a-151/11 f-0 l-151/11 as28/120 st0 thr0.00 501:0 s0 k0 d0 f0 t3 m127 | items 35 (+47 -0 !0 x0) | playing to 15 | sent 73 received 9 corrected 0 | hits 0 dealt 0 rejected 0 replayed 0 | local 0 camera (81.6 -168.7 1.2) respawn 0
chupathingyce: network test: tick 570 player 0: (80.206 -167.832 0.230) h0.54/0.00 g0/0 w a84/-9 f128 l84/-9 as140/120 st20 thr1.00 501:0 s0 k0 d0 f0 t0 m0 player 1: (67.893 -139.852 1.820) h1.00/1.00 riding g0/0 w a-65/-2 f0 l-65/-2 as28/120 st0 thr0.50 501:0 s0 k0 d0 f0 t1 m127 player 2: (80.354 -164.794 0.152) h1.00/0.58 g0/0 w a-92/1 f-92 l-92/1 as139/120 st5 thr1.00 501:0 s0 k0 d0 f0 t2 m127 player 3: (83.621 -168.204 0.452) h1.00/1.00 riding g0/0 w a173/8 f-0 l173/8 as28/120 st0 thr0.00 501:0 s0 k0 d0 f0 t3 m127 | items 35 (+47 -0 !0 x0) | playing to 15 | sent 77 received 9 corrected 0 | hits 0 dealt 0 rejected 0 replayed 0 | local 0 camera (80.2 -167.8 0.9) respawn 0
chupathingyce: network test: tick 600 player 0: (80.423 -165.831 0.794) h0.54/0.00 g0/0 w a72/-6 f83 l72/-6 as140/120 st20 thr1.00 501:0 s0 k0 d0 f0 t0 m0 player 1: (70.741 -145.039 1.405) h1.00/1.00 riding g0/0 w a-66/-1 f0 l-66/-1 as28/120 st0 thr0.50 501:0 s0 k0 d0 f0 t1 m127 player 2: (81.197 -163.652 0.770) h1.00/0.44 g0/0 w a-110/-1 f-96 l-110/-1 as140/120 st20 thr1.00 501:0 s0 k0 d0 f0 t2 m127 player 3: (83.617 -168.228 0.452) h1.00/1.00 riding g0/0 w a149/13 f-0 l169/12 as28/120 st0 thr0.00 501:0 s0 k0 d0 f0 t3 m127 | items 35 (+47 -0 !0 x0) | playing to 15 | sent 82 received 9 corrected 0 | hits 0 dealt 0 rejected 0 replayed 0 | local 0 camera (80.4 -165.8 1.4) respawn 0
chupathingyce: bots: bot 1 at (70.8 -144.9 1.5) yaw -65 vehicle, target 0 (seen), shield 1.00, kills 0 deaths 0
chupathingyce: bots: bot 2 at (81.4 -163.3 0.6) yaw -109 fight, target 0 (seen), shield 0.44, kills 0 deaths 0
chupathingyce: bots: bot 3 at (83.8 -168.2 0.5) yaw 131 vehicle, target 0 (seen), shield 1.00, kills 0 deaths 0
chupathingyce: network test: tick 630 player 0: (81.202 -164.554 0.133) h0.40/0.00 g0/0 w a75/-6 f75 l75/-6 as139/120 st5 thr1.00 501:0 s0 k0 d0 f0 t0 m0 player 1: (73.364 -150.938 0.804) h1.00/1.00 riding g0/0 w a-60/-1 f0 l-60/-1 as28/120 st0 thr0.50 501:0 s0 k0 d0 f0 t1 m127 player 2: (81.775 -161.949 0.110) h1.00/0.29 g0/0 w a-102/-3 f-102 l-102/-3 as139/120 st5 thr1.00 501:0 s0 k0 d0 f0 t2 m127 player 3: (83.617 -168.228 0.452) h1.00/1.00 riding g0/0 w a149/2 f-0 l169/2 as28/120 st0 thr0.00 501:0 s0 k0 d0 f0 t3 m127 | items 35 (+47 -0 !0 x0) | playing to 15 | sent 89 received 9 corrected 0 | hits 0 dealt 0 rejected 0 replayed 0 | local 0 camera (81.2 -164.6 0.8) respawn 0
chupathingyce: network test: tick 660 player 0: (80.321 -165.997 0.731) h0.40/0.00 g0/0 w a61/-6 f75 l61/-6 as140/120 st20 thr1.00 501:0 s0 k0 d0 f0 t0 m0 player 1: (76.497 -156.587 0.522) h1.00/1.00 riding g0/0 w a-68/4 f0 l-68/4 as28/120 st0 thr0.50 501:0 s0 k0 d0 f0 t1 m127 player 2: (82.988 -161.802 0.102) h1.00/0.29 g0/0 w a-121/7 f-121 l-121/7 as139/120 st6 thr1.00 501:0 s0 k0 d0 f0 t2 m127 player 3: (83.617 -168.228 0.452) h1.00/1.00 riding g0/0 w a149/11 f-0 l169/11 as28/120 st0 thr0.00 501:0 s0 k0 d0 f0 t3 m127 | items 35 (+47 -0 !0 x0) | playing to 15 | sent 91 received 9 corrected 0 | hits 0 dealt 0 rejected 0 replayed 0 | local 0 camera (80.3 -166.0 1.4) respawn 0
chupathingyce: network test: tick 690 player 0: (81.063 -166.422 0.159) h0.40/0.00 g0/0 w a47/-4 f47 l47/-4 as139/120 st4 thr1.00 501:0 s0 k0 d0 f0 t0 m0 player 1: (79.239 -162.457 0.489) h1.00/1.00 riding g0/0 w a-65/1 f0 l-65/1 as28/120 st0 thr0.00 501:0 s0 k0 d0 f0 t1 m127 player 2: (84.544 -163.052 0.103) h1.00/0.29 g0/0 w a-134/-1 f-134 l-134/-1 as139/120 st6 thr1.00 501:0 s0 k0 d0 f0 t2 m127 player 3: (83.617 -168.228 0.452) h1.00/1.00 riding g0/0 w a149/3 f-0 l169/3 as28/120 st0 thr0.00 501:0 s0 k0 d0 f0 t3 m127 | items 35 (+47 -0 !0 x0) | playing to 15 | sent 92 received 9 corrected 0 | hits 0 dealt 0 rejected 0 replayed 0 | local 0 camera (81.1 -166.4 0.8) respawn 0
chupathingyce: network test: tick 720 player 0: (83.182 -166.419 0.091) h0.40/0.00 g0/0 w a33/-4 f33 l33/-4 as139/120 st4 thr1.00 501:0 s0 k0 d0 f0 t0 m0 player 1: (80.112 -164.901 0.511) h1.00/1.00 riding g0/0 w a4/0 f0 l-4/0 as28/120 st0 thr0.00 501:0 s0 k0 d0 f0 t1 m127 player 2: (85.830 -164.581 0.120) h1.00/0.29 g0/0 w a-143/-3 f-143 l-143/-3 as139/120 st6 thr1.00 501:0 s0 k0 d0 f0 t2 m127 player 3: (83.617 -168.228 0.452) h1.00/1.00 riding g0/0 w a149/3 f-0 l169/3 as28/120 st0 thr0.00 501:0 s0 k0 d0 f0 t3 m127 | items 35 (+47 -0 !0 x0) | playing to 15 | sent 94 received 9 corrected 0 | hits 0 dealt 0 rejected 0 replayed 0 | local 0 camera (83.2 -166.4 0.7) respawn 0
chupathingyce: network test: tick 750 player 0: (85.234 -166.793 0.602) h0.27/0.00 g0/0 w a76/-11 f33 l76/-11 as140/120 st20 thr1.00 501:0 s0 k0 d0 f0 t0 m0 player 1: (80.194 -165.445 0.518) h1.00/1.00 riding g0/0 w a12/-0 f0 l-8/0 as28/120 st0 thr0.00 501:0 s0 k0 d0 f0 t1 m127 player 2: (86.675 -163.756 0.130) h0.62/0.00 g0/0 w a-117/7 f-117 l-117/7 as139/120 st5 thr1.00 501:0 s0 k0 d0 f0 t2 m127 player 3: (83.617 -168.228 0.452) h1.00/1.00 riding g0/0 w a-31/18 f-0 l-51/18 as28/120 st0 thr0.00 501:0 s0 k0 d0 f0 t3 m127 | items 35 (+47 -0 !0 x0) | playing to 15 | sent 98 received 9 corrected 0 | hits 0 dealt 0 rejected 0 replayed 0 | local 0 camera (85.2 -166.8 1.2) respawn 0
chupathingyce: network test: tick 780 player 0: (86.267 -165.763 0.513) h0.27/0.00 g0/0 w a82/-6 f83 l82/-6 as140/120 st20 thr1.00 501:0 s0 k0 d0 f0 t0 m0 player 1: (80.195 -165.466 0.518) h1.00/1.00 riding g0/0 w a12/1 f0 l-8/1 as28/120 st0 thr0.00 501:0 s0 k0 d0 f0 t1 m127 player 2: (87.102 -161.990 0.135) h0.62/0.00 g0/0 w a-102/2 f-102 l-102/2 as139/120 st5 thr1.00 501:0 s0 k0 d0 f0 t2 m127 player 3: (83.617 -168.228 0.452) h1.00/1.00 riding g0/0 w a149/1 f-0 l169/1 as28/120 st0 thr0.00 501:0 s0 k0 d0 f0 t3 m127 | items 35 (+47 -0 !0 x0) | playing to 15 | sent 100 received 9 corrected 0 | hits 0 dealt 0 rejected 0 replayed 0 | local 0 camera (86.3 -165.8 1.1) respawn 0
chupathingyce: network test: tick 810 player 0: (86.869 -163.611 0.207) h0.15/0.00 g0/0 w a63/-8 f83 l63/-8 as140/120 st20 thr1.00 501:0 s0 k0 d0 f0 t0 m0 player 1: (80.309 -165.634 0.520) h1.00/1.00 riding g0/0 w a21/-0 f0 l1/-0 as28/120 st0 thr0.50 501:0 s0 k0 d0 f0 t1 m127 player 2: (88.603 -160.680 0.122) h0.62/0.00 g0/0 w a-120/2 f-120 l-120/2 as139/120 st5 thr1.00 501:0 s0 k0 d0 f0 t2 m127 player 3: (83.589 -168.276 0.454) h1.00/1.00 riding g0/0 w a-31/1 f-0 l-51/1 as28/120 st0 thr0.50 501:0 s0 k0 d0 f0 t3 m127 | items 35 (+47 -0 !0 x0) | playing to 15 | sent 104 received 9 corrected 0 | hits 0 dealt 0 rejected 0 replayed 0 | local 0 camera (86.9 -163.6 0.8) respawn 0
chupathingyce: network test: tick 840 player 0: (87.382 -161.727 0.138) h0.04/0.00 g0/0 w a68/-5 f68 l68/-5 as139/120 st4 thr1.00 501:0 s0 k0 d0 f0 t0 m0 player 1: (80.782 -166.293 0.514) h1.00/1.00 riding g0/0 w a34/0 f0 l33/0 as28/120 st0 thr0.50 501:0 s0 k0 d0 f0 t1 m127 player 2: (88.660 -158.761 0.117) h0.62/0.00 g0/0 w a-115/-2 f-115 l-115/-2 as139/120 st5 thr1.00 501:0 s0 k0 d0 f0 t2 m127 player 3: (83.435 -169.276 0.462) h1.00/1.00 riding g0/0 w a12/-0 f-0 l-8/-0 as28/120 st0 thr0.50 501:0 s0 k0 d0 f0 t3 m127 | items 35 (+47 -0 !0 x0) | playing to 15 | sent 109 received 9 corrected 0 | hits 0 dealt 0 rejected 0 replayed 0 | local 0 camera (87.4 -161.7 0.8) respawn 0
chupathingyce: network test: tick 870 player 0: dead s0 k0 d1 f0 t0 m0 player 1: (81.355 -166.640 0.502) h1.00/1.00 riding g0/0 w a46/-0 f0 l46/-0 as28/120 st0 thr0.50 501:0 s0 k0 d0 f0 t1 m127 player 2: (89.792 -157.625 0.120) h0.06/0.00 g0/0 w a-135/0 f-135 l-135/0 as139/120 st5 thr1.00 501:0 s1 k1 d0 f0 t2 m127 player 3: (85.016 -171.029 0.478) h1.00/1.00 riding g0/0 w a70/0 f-0 l70/0 as28/120 st0 thr0.50 501:0 s0 k0 d0 f0 t3 m127 | items 36 (+47 -0 !0 x0) | playing to 15 | sent 119 received 11 corrected 0 | hits 0 dealt 0 rejected 0 replayed 0 | local 0 camera (87.5 -162.2 0.3) respawn 66
chupathingyce: network test: tick 900 player 0: dead s0 k0 d1 f0 t0 m0 player 1: (83.317 -166.206 0.450) h1.00/1.00 riding g0/0 w a54/0 f0 l54/0 as28/120 st0 thr0.50 501:0 s0 k0 d0 f0 t1 m127 player 2: (89.565 -157.060 0.110) h0.06/0.00 g0/0 w a-130/0 f-130 l-130/0 as139/120 st4 thr1.00 501:0 s1 k1 d0 f0 t2 m127 player 3: (87.199 -168.331 0.444) h1.00/1.00 riding g0/0 w a155/0 f-0 l155/0 as28/120 st0 thr0.00 501:0 s0 k0 d0 f0 t3 m127 | items 36 (+47 -0 !0 x0) | playing to 15 | sent 121 received 11 corrected 0 | hits 0 dealt 0 rejected 0 replayed 0 | local 0 camera (90.4 -162.0 3.0) respawn 36
chupathingyce: bots: bot 1 at (83.1 -166.2 0.5) yaw 55 vehicle, target 2 (seen), shield 1.00, kills 0 deaths 0
chupathingyce: bots: bot 2 at (89.2 -157.5 0.1) yaw -130 fight, target 1, shield 0.00, kills 1 deaths 0
chupathingyce: bots: bot 3 at (87.4 -167.0 0.5) yaw 177 vehicle, target 1, shield 1.00, kills 0 deaths 0
chupathingyce: network test: tick 930 player 0: dead s0 k0 d1 f0 t0 m0 player 1: (85.705 -163.166 0.470) h1.00/1.00 riding g0/0 w a60/1 f0 l60/1 as28/120 st0 thr0.00 501:0 s0 k0 d0 f0 t1 m127 player 2: (88.146 -158.747 0.111) h0.06/0.00 g0/0 w a-130/-1 f-130 l-130/-1 as139/120 st4 thr1.00 501:0 s1 k1 d0 f0 t2 m127 player 3: (87.599 -165.875 0.475) h1.00/1.00 riding g0/0 w a-173/0 f-0 l-173/0 as28/120 st0 thr0.00 501:0 s0 k0 d0 f0 t3 m127 | items 36 (+69 -22 !0 x0) | playing to 15 | sent 124 received 13 corrected 0 | hits 0 dealt 0 rejected 0 replayed 0 | local 0 camera (89.4 -159.0 5.1) respawn 6
chupathingyce: network test: tick 960 player 0: dead s0 k0 d1 f0 t0 m0 player 1: (86.842 -161.494 0.474) h1.00/1.00 riding g0/0 w a94/4 f0 l94/4 as28/120 st0 thr0.00 501:0 s0 k0 d0 f0 t1 m127 player 2: (86.726 -160.434 0.108) h0.06/0.00 g0/0 w a-129/0 f-129 l-129/0 as139/120 st4 thr1.00 501:0 s1 k1 d0 f0 t2 m127 player 3: (87.712 -165.121 0.483) h1.00/1.00 riding g0/0 w a-164/0 f-0 l-164/0 as28/120 st0 thr0.00 501:0 s0 k0 d0 f0 t3 m127 | items 36 (+69 -22 !0 x0) | playing to 15 | sent 126 received 13 corrected 0 | hits 0 dealt 0 rejected 0 replayed 0 | local 0 camera (89.4 -159.0 5.1) respawn 0
chupathingyce: network test: tick 990 player 0: (36.896 -90.205 0.069) h1.00/1.00 g0/0 w a63/0 f63 l63/0 as140/120 st0 thr0.00 501:0 s0 k0 d1 f0 t0 m0 player 1: (87.188 -161.265 0.476) h1.00/1.00 riding g0/0 w a136/7 f0 l116/7 as28/120 st0 thr0.00 501:0 s0 k0 d0 f0 t1 m127 player 2: (85.432 -159.811 0.396) h0.06/0.00 g0/0 w a-43/-8 f-42 l-43/-8 as140/120 st20 thr1.00 501:0 s1 k1 d0 f0 t2 m127 player 3: (87.720 -165.049 0.484) h1.00/1.00 riding g0/0 w a-163/0 f-0 l-163/0 as28/120 st0 thr0.00 501:0 s0 k0 d0 f0 t3 m127 | items 36 (+71 -22 !0 x0) | playing to 15 | sent 128 received 14 corrected 0 | hits 0 dealt 0 rejected 0 replayed 0 | local 0 camera (36.9 -90.2 0.7) respawn 0
chupathingyce: high-res hud: 69 of 104 bitmaps in this map (35 not in it)
chupathingyce: window closed
